../Core/Src/main.c:106:5:main	48	static
../Core/Src/main.c:186:6:SystemClock_Config	104	static
../Core/Src/main.c:232:13:MX_I2C1_Init	8	static
../Core/Src/main.c:280:13:MX_USART2_UART_Init	8	static
../Core/Src/main.c:313:13:MX_DMA_Init	16	static
../Core/Src/main.c:331:13:MX_GPIO_Init	56	static
../Core/Src/main.c:360:6:pause_sec	32	static
../Core/Src/main.c:378:9:decToBcd	24	static
../Core/Src/main.c:396:5:bcdToDec	24	static
../Core/Src/main.c:413:6:setTime	48	static
../Core/Src/main.c:437:6:getTime	40	static
../Core/Src/main.c:469:5:epochFromTime	88	static
../Core/Src/main.c:495:6:Error_Handler	8	static,ignoring_inline_asm
